00:00 +0: loading C:/Users/Asus/Desktop/fluxy-play/test/widget_test.dart
00:00 +0: Playground smoke test
≡ƒ¢í∩╕Å Fluxy Constraint Solver [Auto-Fixed]: Infinite Height
≡ƒöº Details: Clamped infinite height to 600px to prevent viewport crash.
≡ƒ¢í∩╕Å Fluxy Constraint Solver [Auto-Fixed]: Constraint Normalization
≡ƒöº Details: Layout constraints normalized to prevent immediate Flutter termination.
≡ƒ¢í∩╕Å Fluxy Constraint Solver [Auto-Fixed]: Infinite Width
≡ƒöº Details: Clamped infinite width to 800px to prevent viewport crash.
≡ƒ¢í∩╕Å Fluxy Constraint Solver [Auto-Fixed]: Constraint Normalization
≡ƒöº Details: Layout constraints normalized to prevent immediate Flutter termination.
≡ƒ¢í∩╕Å Fluxy Constraint Solver [Auto-Fixed]: Infinite Height
≡ƒöº Details: Clamped infinite height to 600px to prevent viewport crash.
≡ƒ¢í∩╕Å Fluxy Constraint Solver [Auto-Fixed]: Constraint Normalization
≡ƒöº Details: Layout constraints normalized to prevent immediate Flutter termination.
≡ƒ¢í∩╕Å Fluxy Constraint Solver [Auto-Fixed]: Infinite Width
≡ƒöº Details: Clamped infinite width to 800px to prevent viewport crash.
≡ƒ¢í∩╕Å Fluxy Constraint Solver [Auto-Fixed]: Constraint Normalization
≡ƒöº Details: Layout constraints normalized to prevent immediate Flutter termination.
≡ƒ¢í∩╕Å Fluxy Constraint Solver [Auto-Fixed]: Infinite Width
≡ƒöº Details: Clamped infinite width to 800px to prevent viewport crash.
≡ƒ¢í∩╕Å Fluxy Constraint Solver [Auto-Fixed]: Constraint Normalization
≡ƒöº Details: Layout constraints normalized to prevent immediate Flutter termination.
≡ƒ¢í∩╕Å Fluxy Constraint Solver [Auto-Fixed]: Infinite Width
≡ƒöº Details: Clamped infinite width to 800px to prevent viewport crash.
≡ƒ¢í∩╕Å Fluxy Constraint Solver [Auto-Fixed]: Constraint Normalization
≡ƒöº Details: Layout constraints normalized to prevent immediate Flutter termination.
≡ƒ¢í∩╕Å Fluxy Constraint Solver [Auto-Fixed]: Infinite Height
≡ƒöº Details: Clamped infinite height to 600px to prevent viewport crash.
≡ƒ¢í∩╕Å Fluxy Constraint Solver [Auto-Fixed]: Infinite Width
≡ƒöº Details: Clamped infinite width to 800px to prevent viewport crash.
≡ƒ¢í∩╕Å Fluxy Constraint Solver [Auto-Fixed]: Constraint Normalization
≡ƒöº Details: Layout constraints normalized to prevent immediate Flutter termination.
ΓòÉΓòÉΓòí EXCEPTION CAUGHT BY RENDERING LIBRARY Γò₧ΓòÉΓòÉΓòÉΓòÉΓòÉΓòÉΓòÉΓòÉΓòÉΓòÉΓòÉΓòÉΓòÉΓòÉΓòÉΓòÉΓòÉΓòÉΓòÉΓòÉΓòÉΓòÉΓòÉΓòÉΓòÉΓòÉΓòÉΓòÉΓòÉΓòÉΓòÉΓòÉΓòÉΓòÉΓòÉΓòÉΓòÉΓòÉΓòÉΓòÉΓòÉΓòÉΓòÉΓòÉΓòÉΓòÉΓòÉΓòÉΓòÉΓòÉΓòÉΓòÉΓòÉΓòÉΓòÉΓòÉΓòÉ
The following assertion was thrown during layout:
A RenderFlex overflowed by 652 pixels on the right.

The relevant error-causing widget was:
  Row Row:file:///C:/Users/Asus/Desktop/fluxy-play/lib/pages/playground_page.dart:359:14

The overflowing RenderFlex has an orientation of Axis.horizontal.
The edge of the RenderFlex that is overflowing has been marked in the rendering with a yellow and
black striped pattern. This is usually caused by the contents being too big for the RenderFlex.
Consider applying a flex factor (e.g. using an Expanded widget) to force the children of the
RenderFlex to fit within the available space instead of being sized to their natural size.
This is considered an error condition because it indicates that there is content that cannot be
seen. If the content is legitimately bigger than the available space, consider clipping it with a
ClipRect widget before putting it in the flex, or using a scrollable container rather than a Flex,
like a ListView.
The specific RenderFlex in question is: RenderFlex#fd5bd relayoutBoundary=up7 OVERFLOWING:
  creator: Row ΓåÉ Padding ΓåÉ DecoratedBox ΓåÉ ConstrainedBox ΓåÉ Container ΓåÉ _PlaygroundTopBar ΓåÉ
    FluxyRenderGuard ΓåÉ Fx ΓåÉ Column ΓåÉ FxFlexInfo ΓåÉ FxCol ΓåÉ LayoutBuilder ΓåÉ Γï»
  parentData: offset=Offset(16.0, 0.0) (can use size)
  constraints: BoxConstraints(0.0<=w<=768.0, h=47.0)
  size: Size(768.0, 47.0)
  direction: horizontal
  mainAxisAlignment: start
  mainAxisSize: max
  crossAxisAlignment: center
  textDirection: ltr
  verticalDirection: down
  spacing: 0.0
ΓùóΓùñΓùóΓùñΓùóΓùñΓùóΓùñΓùóΓùñΓùóΓùñΓùóΓùñΓùóΓùñΓùóΓùñΓùóΓùñΓùóΓùñΓùóΓùñΓùóΓùñΓùóΓùñΓùóΓùñΓùóΓùñΓùóΓùñΓùóΓùñΓùóΓùñΓùóΓùñΓùóΓùñΓùóΓùñΓùóΓùñΓùóΓùñΓùóΓùñΓùóΓùñΓùóΓùñΓùóΓùñΓùóΓùñΓùóΓùñΓùóΓùñΓùóΓùñΓùóΓùñΓùóΓùñΓùóΓùñΓùóΓùñΓùóΓùñΓùóΓùñΓùóΓùñΓùóΓùñΓùóΓùñΓùóΓùñΓùóΓùñΓùóΓùñΓùóΓùñΓùóΓùñΓùóΓùñΓùóΓùñΓùóΓùñΓùóΓùñ
ΓòÉΓòÉΓòÉΓòÉΓòÉΓòÉΓòÉΓòÉΓòÉΓòÉΓòÉΓòÉΓòÉΓòÉΓòÉΓòÉΓòÉΓòÉΓòÉΓòÉΓòÉΓòÉΓòÉΓòÉΓòÉΓòÉΓòÉΓòÉΓòÉΓòÉΓòÉΓòÉΓòÉΓòÉΓòÉΓòÉΓòÉΓòÉΓòÉΓòÉΓòÉΓòÉΓòÉΓòÉΓòÉΓòÉΓòÉΓòÉΓòÉΓòÉΓòÉΓòÉΓòÉΓòÉΓòÉΓòÉΓòÉΓòÉΓòÉΓòÉΓòÉΓòÉΓòÉΓòÉΓòÉΓòÉΓòÉΓòÉΓòÉΓòÉΓòÉΓòÉΓòÉΓòÉΓòÉΓòÉΓòÉΓòÉΓòÉΓòÉΓòÉΓòÉΓòÉΓòÉΓòÉΓòÉΓòÉΓòÉΓòÉΓòÉΓòÉΓòÉΓòÉΓòÉΓòÉΓòÉΓòÉΓòÉΓòÉΓòÉ
ΓòÉΓòÉΓòí EXCEPTION CAUGHT BY RENDERING LIBRARY Γò₧ΓòÉΓòÉΓòÉΓòÉΓòÉΓòÉΓòÉΓòÉΓòÉΓòÉΓòÉΓòÉΓòÉΓòÉΓòÉΓòÉΓòÉΓòÉΓòÉΓòÉΓòÉΓòÉΓòÉΓòÉΓòÉΓòÉΓòÉΓòÉΓòÉΓòÉΓòÉΓòÉΓòÉΓòÉΓòÉΓòÉΓòÉΓòÉΓòÉΓòÉΓòÉΓòÉΓòÉΓòÉΓòÉΓòÉΓòÉΓòÉΓòÉΓòÉΓòÉΓòÉΓòÉΓòÉΓòÉΓòÉΓòÉ
The following assertion was thrown during layout:
A RenderFlex overflowed by 73 pixels on the right.

The relevant error-causing widget was:
  Row Row:file:///C:/Users/Asus/Desktop/fluxy-play/lib/pages/playground_page.dart:647:14

The overflowing RenderFlex has an orientation of Axis.horizontal.
The edge of the RenderFlex that is overflowing has been marked in the rendering with a yellow and
black striped pattern. This is usually caused by the contents being too big for the RenderFlex.
Consider applying a flex factor (e.g. using an Expanded widget) to force the children of the
RenderFlex to fit within the available space instead of being sized to their natural size.
This is considered an error condition because it indicates that there is content that cannot be
seen. If the content is legitimately bigger than the available space, consider clipping it with a
ClipRect widget before putting it in the flex, or using a scrollable container rather than a Flex,
like a ListView.
The specific RenderFlex in question is: RenderFlex#bec52 relayoutBoundary=up14 OVERFLOWING:
  creator: Row ΓåÉ Padding ΓåÉ DecoratedBox ΓåÉ ConstrainedBox ΓåÉ Container ΓåÉ _EditorTabBar ΓåÉ Column ΓåÉ
    ColoredBox ΓåÉ Container ΓåÉ _EditorPanel ΓåÉ SizedBox ΓåÉ Row ΓåÉ Γï»
  parentData: offset=Offset(0.0, 0.0) (can use size)
  constraints: BoxConstraints(0.0<=w<=256.0, h=33.0)
  size: Size(256.0, 33.0)
  direction: horizontal
  mainAxisAlignment: start
  mainAxisSize: max
  crossAxisAlignment: center
  textDirection: ltr
  verticalDirection: down
  spacing: 0.0
ΓùóΓùñΓùóΓùñΓùóΓùñΓùóΓùñΓùóΓùñΓùóΓùñΓùóΓùñΓùóΓùñΓùóΓùñΓùóΓùñΓùóΓùñΓùóΓùñΓùóΓùñΓùóΓùñΓùóΓùñΓùóΓùñΓùóΓùñΓùóΓùñΓùóΓùñΓùóΓùñΓùóΓùñΓùóΓùñΓùóΓùñΓùóΓùñΓùóΓùñΓùóΓùñΓùóΓùñΓùóΓùñΓùóΓùñΓùóΓùñΓùóΓùñΓùóΓùñΓùóΓùñΓùóΓùñΓùóΓùñΓùóΓùñΓùóΓùñΓùóΓùñΓùóΓùñΓùóΓùñΓùóΓùñΓùóΓùñΓùóΓùñΓùóΓùñΓùóΓùñΓùóΓùñΓùóΓùñΓùóΓùñΓùóΓùñΓùóΓùñ
ΓòÉΓòÉΓòÉΓòÉΓòÉΓòÉΓòÉΓòÉΓòÉΓòÉΓòÉΓòÉΓòÉΓòÉΓòÉΓòÉΓòÉΓòÉΓòÉΓòÉΓòÉΓòÉΓòÉΓòÉΓòÉΓòÉΓòÉΓòÉΓòÉΓòÉΓòÉΓòÉΓòÉΓòÉΓòÉΓòÉΓòÉΓòÉΓòÉΓòÉΓòÉΓòÉΓòÉΓòÉΓòÉΓòÉΓòÉΓòÉΓòÉΓòÉΓòÉΓòÉΓòÉΓòÉΓòÉΓòÉΓòÉΓòÉΓòÉΓòÉΓòÉΓòÉΓòÉΓòÉΓòÉΓòÉΓòÉΓòÉΓòÉΓòÉΓòÉΓòÉΓòÉΓòÉΓòÉΓòÉΓòÉΓòÉΓòÉΓòÉΓòÉΓòÉΓòÉΓòÉΓòÉΓòÉΓòÉΓòÉΓòÉΓòÉΓòÉΓòÉΓòÉΓòÉΓòÉΓòÉΓòÉΓòÉΓòÉΓòÉ
ΓòÉΓòÉΓòí EXCEPTION CAUGHT BY RENDERING LIBRARY Γò₧ΓòÉΓòÉΓòÉΓòÉΓòÉΓòÉΓòÉΓòÉΓòÉΓòÉΓòÉΓòÉΓòÉΓòÉΓòÉΓòÉΓòÉΓòÉΓòÉΓòÉΓòÉΓòÉΓòÉΓòÉΓòÉΓòÉΓòÉΓòÉΓòÉΓòÉΓòÉΓòÉΓòÉΓòÉΓòÉΓòÉΓòÉΓòÉΓòÉΓòÉΓòÉΓòÉΓòÉΓòÉΓòÉΓòÉΓòÉΓòÉΓòÉΓòÉΓòÉΓòÉΓòÉΓòÉΓòÉΓòÉΓòÉ
The following assertion was thrown during layout:
A RenderFlex overflowed by 31 pixels on the right.

The relevant error-causing widget was:
  Row Row:file:///C:/Users/Asus/Desktop/fluxy-play/lib/pages/playground_page.dart:673:23

The overflowing RenderFlex has an orientation of Axis.horizontal.
The edge of the RenderFlex that is overflowing has been marked in the rendering with a yellow and
black striped pattern. This is usually caused by the contents being too big for the RenderFlex.
Consider applying a flex factor (e.g. using an Expanded widget) to force the children of the
RenderFlex to fit within the available space instead of being sized to their natural size.
This is considered an error condition because it indicates that there is content that cannot be
seen. If the content is legitimately bigger than the available space, consider clipping it with a
ClipRect widget before putting it in the flex, or using a scrollable container rather than a Flex,
like a ListView.
The specific RenderFlex in question is: RenderFlex#02ee2 relayoutBoundary=up15 OVERFLOWING:
  creator: Row ΓåÉ FluxyRenderGuard ΓåÉ Fx ΓåÉ Padding ΓåÉ ColoredBox ΓåÉ ConstrainedBox ΓåÉ Container ΓåÉ
    _EditorStatusBar ΓåÉ Column ΓåÉ ColoredBox ΓåÉ Container ΓåÉ _EditorPanel ΓåÉ Γï»
  parentData: <none> (can use size)
  constraints: BoxConstraints(0.0<=w<=232.0, h=22.0)
  size: Size(232.0, 22.0)
  direction: horizontal
  mainAxisAlignment: start
  mainAxisSize: max
  crossAxisAlignment: center
  textDirection: ltr
  verticalDirection: down
  spacing: 0.0
ΓùóΓùñΓùóΓùñΓùóΓùñΓùóΓùñΓùóΓùñΓùóΓùñΓùóΓùñΓùóΓùñΓùóΓùñΓùóΓùñΓùóΓùñΓùóΓùñΓùóΓùñΓùóΓùñΓùóΓùñΓùóΓùñΓùóΓùñΓùóΓùñΓùóΓùñΓùóΓùñΓùóΓùñΓùóΓùñΓùóΓùñΓùóΓùñΓùóΓùñΓùóΓùñΓùóΓùñΓùóΓùñΓùóΓùñΓùóΓùñΓùóΓùñΓùóΓùñΓùóΓùñΓùóΓùñΓùóΓùñΓùóΓùñΓùóΓùñΓùóΓùñΓùóΓùñΓùóΓùñΓùóΓùñΓùóΓùñΓùóΓùñΓùóΓùñΓùóΓùñΓùóΓùñΓùóΓùñΓùóΓùñΓùóΓùñΓùóΓùñ
ΓòÉΓòÉΓòÉΓòÉΓòÉΓòÉΓòÉΓòÉΓòÉΓòÉΓòÉΓòÉΓòÉΓòÉΓòÉΓòÉΓòÉΓòÉΓòÉΓòÉΓòÉΓòÉΓòÉΓòÉΓòÉΓòÉΓòÉΓòÉΓòÉΓòÉΓòÉΓòÉΓòÉΓòÉΓòÉΓòÉΓòÉΓòÉΓòÉΓòÉΓòÉΓòÉΓòÉΓòÉΓòÉΓòÉΓòÉΓòÉΓòÉΓòÉΓòÉΓòÉΓòÉΓòÉΓòÉΓòÉΓòÉΓòÉΓòÉΓòÉΓòÉΓòÉΓòÉΓòÉΓòÉΓòÉΓòÉΓòÉΓòÉΓòÉΓòÉΓòÉΓòÉΓòÉΓòÉΓòÉΓòÉΓòÉΓòÉΓòÉΓòÉΓòÉΓòÉΓòÉΓòÉΓòÉΓòÉΓòÉΓòÉΓòÉΓòÉΓòÉΓòÉΓòÉΓòÉΓòÉΓòÉΓòÉΓòÉΓòÉ
ΓòÉΓòÉΓòí EXCEPTION CAUGHT BY RENDERING LIBRARY Γò₧ΓòÉΓòÉΓòÉΓòÉΓòÉΓòÉΓòÉΓòÉΓòÉΓòÉΓòÉΓòÉΓòÉΓòÉΓòÉΓòÉΓòÉΓòÉΓòÉΓòÉΓòÉΓòÉΓòÉΓòÉΓòÉΓòÉΓòÉΓòÉΓòÉΓòÉΓòÉΓòÉΓòÉΓòÉΓòÉΓòÉΓòÉΓòÉΓòÉΓòÉΓòÉΓòÉΓòÉΓòÉΓòÉΓòÉΓòÉΓòÉΓòÉΓòÉΓòÉΓòÉΓòÉΓòÉΓòÉΓòÉΓòÉ
The following assertion was thrown during layout:
A RenderFlex overflowed by 641 pixels on the right.

The relevant error-causing widget was:
  Row Row:file:///C:/Users/Asus/Desktop/fluxy-play/lib/pages/playground_page.dart:713:12

The overflowing RenderFlex has an orientation of Axis.horizontal.
The edge of the RenderFlex that is overflowing has been marked in the rendering with a yellow and
black striped pattern. This is usually caused by the contents being too big for the RenderFlex.
Consider applying a flex factor (e.g. using an Expanded widget) to force the children of the
RenderFlex to fit within the available space instead of being sized to their natural size.
This is considered an error condition because it indicates that there is content that cannot be
seen. If the content is legitimately bigger than the available space, consider clipping it with a
ClipRect widget before putting it in the flex, or using a scrollable container rather than a Flex,
like a ListView.
The specific RenderFlex in question is: RenderFlex#80914 relayoutBoundary=up13 OVERFLOWING:
  creator: Row ΓåÉ Padding ΓåÉ DecoratedBox ΓåÉ ConstrainedBox ΓåÉ Container ΓåÉ Column ΓåÉ ColoredBox ΓåÉ Container
    ΓåÉ _PreviewPanel ΓåÉ Expanded ΓåÉ Row ΓåÉ FluxyRenderGuard ΓåÉ Γï»
  parentData: offset=Offset(12.0, 0.0) (can use size)
  constraints: BoxConstraints(0.0<=w<=224.0, h=37.0)
  size: Size(224.0, 37.0)
  direction: horizontal
  mainAxisAlignment: start
  mainAxisSize: max
  crossAxisAlignment: center
  textDirection: ltr
  verticalDirection: down
  spacing: 0.0
ΓùóΓùñΓùóΓùñΓùóΓùñΓùóΓùñΓùóΓùñΓùóΓùñΓùóΓùñΓùóΓùñΓùóΓùñΓùóΓùñΓùóΓùñΓùóΓùñΓùóΓùñΓùóΓùñΓùóΓùñΓùóΓùñΓùóΓùñΓùóΓùñΓùóΓùñΓùóΓùñΓùóΓùñΓùóΓùñΓùóΓùñΓùóΓùñΓùóΓùñΓùóΓùñΓùóΓùñΓùóΓùñΓùóΓùñΓùóΓùñΓùóΓùñΓùóΓùñΓùóΓùñΓùóΓùñΓùóΓùñΓùóΓùñΓùóΓùñΓùóΓùñΓùóΓùñΓùóΓùñΓùóΓùñΓùóΓùñΓùóΓùñΓùóΓùñΓùóΓùñΓùóΓùñΓùóΓùñΓùóΓùñΓùóΓùñΓùóΓùñ
ΓòÉΓòÉΓòÉΓòÉΓòÉΓòÉΓòÉΓòÉΓòÉΓòÉΓòÉΓòÉΓòÉΓòÉΓòÉΓòÉΓòÉΓòÉΓòÉΓòÉΓòÉΓòÉΓòÉΓòÉΓòÉΓòÉΓòÉΓòÉΓòÉΓòÉΓòÉΓòÉΓòÉΓòÉΓòÉΓòÉΓòÉΓòÉΓòÉΓòÉΓòÉΓòÉΓòÉΓòÉΓòÉΓòÉΓòÉΓòÉΓòÉΓòÉΓòÉΓòÉΓòÉΓòÉΓòÉΓòÉΓòÉΓòÉΓòÉΓòÉΓòÉΓòÉΓòÉΓòÉΓòÉΓòÉΓòÉΓòÉΓòÉΓòÉΓòÉΓòÉΓòÉΓòÉΓòÉΓòÉΓòÉΓòÉΓòÉΓòÉΓòÉΓòÉΓòÉΓòÉΓòÉΓòÉΓòÉΓòÉΓòÉΓòÉΓòÉΓòÉΓòÉΓòÉΓòÉΓòÉΓòÉΓòÉΓòÉΓòÉ
ΓòÉΓòÉΓòí EXCEPTION CAUGHT BY FLUTTER TEST FRAMEWORK Γò₧ΓòÉΓòÉΓòÉΓòÉΓòÉΓòÉΓòÉΓòÉΓòÉΓòÉΓòÉΓòÉΓòÉΓòÉΓòÉΓòÉΓòÉΓòÉΓòÉΓòÉΓòÉΓòÉΓòÉΓòÉΓòÉΓòÉΓòÉΓòÉΓòÉΓòÉΓòÉΓòÉΓòÉΓòÉΓòÉΓòÉΓòÉΓòÉΓòÉΓòÉΓòÉΓòÉΓòÉΓòÉΓòÉΓòÉΓòÉΓòÉΓòÉΓòÉΓòÉΓòÉ
The following message was thrown:
Multiple exceptions (4) were detected during the running of the current test, and at least one was
unexpected.
ΓòÉΓòÉΓòÉΓòÉΓòÉΓòÉΓòÉΓòÉΓòÉΓòÉΓòÉΓòÉΓòÉΓòÉΓòÉΓòÉΓòÉΓòÉΓòÉΓòÉΓòÉΓòÉΓòÉΓòÉΓòÉΓòÉΓòÉΓòÉΓòÉΓòÉΓòÉΓòÉΓòÉΓòÉΓòÉΓòÉΓòÉΓòÉΓòÉΓòÉΓòÉΓòÉΓòÉΓòÉΓòÉΓòÉΓòÉΓòÉΓòÉΓòÉΓòÉΓòÉΓòÉΓòÉΓòÉΓòÉΓòÉΓòÉΓòÉΓòÉΓòÉΓòÉΓòÉΓòÉΓòÉΓòÉΓòÉΓòÉΓòÉΓòÉΓòÉΓòÉΓòÉΓòÉΓòÉΓòÉΓòÉΓòÉΓòÉΓòÉΓòÉΓòÉΓòÉΓòÉΓòÉΓòÉΓòÉΓòÉΓòÉΓòÉΓòÉΓòÉΓòÉΓòÉΓòÉΓòÉΓòÉΓòÉΓòÉΓòÉ
00:02 +0 -1: Playground smoke test [E]
  Test failed. See exception logs above.
  The test description was: Playground smoke test
  
00:02 +0 -1: Some tests failed.
